// Vitest Snapshot v1, https://vitest.dev/guide/snapshot.html

exports[`quick safe render to string 1`] = `"<div className=\\"bg-red-500 text-gray-200\\"><h1><div className=\\"user-name flex text-2xl\\"></div></h1><span className=\\"dark:bg-green-500 hover:bg-green-800 transition-colors\\"></span></div><span className=\\"dark:bg-green-500 hover:bg-green-800 transition-colors\\"></span>"`;
